// Jest Snapshot v1, https://goo.gl/fbAQLP

exports[`should take a snapshot 1`] = `
<DocumentFragment>
  <section
    class="header-top__navigation"
  >
    <section
      class="navbar"
    >
      <a
        class="navbar-item"
        href="/Home"
      >
        Home
      </a>
      <a
        class="navbar-item"
        href="/UserInfoGit"
      >
        User-Info
      </a>
      <a
        class="navbar-item"
        href="/TodoList"
      >
        Add Todo
      </a>
      <a
        class="navbar-item"
        href="/Theme"
      >
        Theme
      </a>
      <a
        class="navbar-item"
        href="/About"
      >
        About
      </a>
    </section>
  </section>
  <main
    class="footer-main"
  >
    <p>
       Â© 2022 SacroLabs Softwares, All rights reserved. 
    </p>
  </main>
</DocumentFragment>
`;
